Component: Arm Compiler for Embedded 6.24 Tool: armlink [5f371500]

==============================================================================

Section Cross References

    startup_lpc17xx.o(STACK) refers (Special) to heapauxi.o(.text) for __use_two_region_memory
    startup_lpc17xx.o(HEAP) refers (Special) to heapauxi.o(.text) for __use_two_region_memory
    startup_lpc17xx.o(RESET) refers (Special) to heapauxi.o(.text) for __use_two_region_memory
    startup_lpc17xx.o(RESET) refers to startup_lpc17xx.o(STACK) for __initial_sp
    startup_lpc17xx.o(RESET) refers to startup_lpc17xx.o(.text) for Reset_Handler
    startup_lpc17xx.o(RESET) refers to irq_timer.o(.text) for TIMER0_IRQHandler
    startup_lpc17xx.o(RESET) refers to irq_button.o(.text) for EINT0_IRQHandler
    startup_lpc17xx.o(RESET) refers to irq_adc.o(.text) for ADC_IRQHandler
    startup_lpc17xx.o(RESET) refers to irq_rit.o(.text) for RIT_IRQHandler
    startup_lpc17xx.o(.ARM.__at_0x02FC) refers (Special) to heapauxi.o(.text) for __use_two_region_memory
    startup_lpc17xx.o(.text) refers (Special) to heapauxi.o(.text) for __use_two_region_memory
    startup_lpc17xx.o(.text) refers to startup_lpc17xx.o(HEAP) for Heap_Mem
    startup_lpc17xx.o(.text) refers to startup_lpc17xx.o(STACK) for Stack_Mem
    sample.o(.text) refers to system_lpc17xx.o(.text) for SystemInit
    sample.o(.text) refers to lib_button.o(.text) for BUTTON_init
    sample.o(.text) refers to lib_timer.o(.text) for init_timer
    sample.o(.text) refers to lib_joystick.o(.text) for joystick_init
    sample.o(.text) refers to lib_rit.o(.text) for init_RIT
    sample.o(.text) refers to lib_led.o(.text) for LED_init
    sample.o(.ARM.exidx) refers to sample.o(.text) for [Anonymous Symbol]
    system_lpc17xx.o(.text) refers to lludivv7m.o(.text) for __aeabi_uldivmod
    system_lpc17xx.o(.text) refers to system_lpc17xx.o(.data.SystemCoreClock) for SystemCoreClock
    system_lpc17xx.o(.ARM.exidx) refers to system_lpc17xx.o(.text) for [Anonymous Symbol]
    funct_led.o(.text) refers to funct_led.o(.rodata.led_mask) for led_mask
    funct_led.o(.text) refers to lib_led.o(.bss.led_value) for led_value
    funct_led.o(.ARM.exidx) refers to funct_led.o(.text) for [Anonymous Symbol]
    lib_led.o(.text) refers to lib_led.o(.bss.led_value) for led_value
    lib_led.o(.ARM.exidx) refers to lib_led.o(.text) for [Anonymous Symbol]
    irq_button.o(.text) refers to lib_timer.o(.text) for enable_timer
    irq_button.o(.ARM.exidx) refers to irq_button.o(.text) for [Anonymous Symbol]
    lib_button.o(.ARM.exidx) refers to lib_button.o(.text) for [Anonymous Symbol]
    irq_rit.o(.text) refers to irq_rit.o(.bss.RIT_IRQHandler.up) for RIT_IRQHandler.up
    irq_rit.o(.text) refers to irq_rit.o(.bss.RIT_IRQHandler.right) for RIT_IRQHandler.right
    irq_rit.o(.text) refers to irq_rit.o(.bss.RIT_IRQHandler.left) for RIT_IRQHandler.left
    irq_rit.o(.text) refers to irq_rit.o(.bss.RIT_IRQHandler.down) for RIT_IRQHandler.down
    irq_rit.o(.ARM.exidx) refers to irq_rit.o(.text) for [Anonymous Symbol]
    lib_rit.o(.ARM.exidx) refers to lib_rit.o(.text) for [Anonymous Symbol]
    lib_joystick.o(.ARM.exidx) refers to lib_joystick.o(.text) for [Anonymous Symbol]
    funct_joystick.o(.text) refers to funct_led.o(.text) for LED_Out
    funct_joystick.o(.ARM.exidx) refers to funct_joystick.o(.text) for [Anonymous Symbol]
    irq_timer.o(.text) refers to irq_timer.o(.bss.TIMER2_IRQHandler.ticks) for TIMER2_IRQHandler.ticks
    irq_timer.o(.text) refers to irq_timer.o(.data.SinTable) for SinTable
    irq_timer.o(.text) refers to irq_timer.o(.bss.TIMER3_IRQHandler.down_KEY2) for TIMER3_IRQHandler.down_KEY2
    irq_timer.o(.text) refers to lib_timer.o(.text) for disable_timer
    irq_timer.o(.text) refers to irq_timer.o(.bss.TIMER3_IRQHandler.down_KEY1) for TIMER3_IRQHandler.down_KEY1
    irq_timer.o(.text) refers to irq_timer.o(.bss.TIMER3_IRQHandler.down_INT0) for TIMER3_IRQHandler.down_INT0
    irq_timer.o(.ARM.exidx) refers to irq_timer.o(.text) for [Anonymous Symbol]
    lib_timer.o(.ARM.exidx) refers to lib_timer.o(.text) for [Anonymous Symbol]
    irq_adc.o(.text) refers to irq_adc.o(.bss.AD_current) for AD_current
    irq_adc.o(.text) refers to irq_adc.o(.data.AD_last) for AD_last
    irq_adc.o(.text) refers to funct_led.o(.text) for LED_Off
    irq_adc.o(.text) refers to lib_timer.o(.text) for disable_timer
    irq_adc.o(.text) refers to irq_adc.o(.rodata.freqs) for freqs
    irq_adc.o(.ARM.exidx) refers to irq_adc.o(.text) for [Anonymous Symbol]
    lib_adc.o(.ARM.exidx) refers to lib_adc.o(.text) for [Anonymous Symbol]
    lib_dac.o(.ARM.exidx) refers to lib_dac.o(.text) for [Anonymous Symbol]
    __main.o(!!!main) refers to __rtentry.o(.ARM.Collect$$rtentry$$00000000) for __rt_entry
    __rtentry.o(.ARM.Collect$$rtentry$$00000000) refers (Special) to __rtentry2.o(.ARM.Collect$$rtentry$$0000000A) for __rt_entry_li
    __rtentry.o(.ARM.Collect$$rtentry$$00000000) refers (Special) to __rtentry2.o(.ARM.Collect$$rtentry$$0000000D) for __rt_entry_main
    __rtentry.o(.ARM.Collect$$rtentry$$00000000) refers (Special) to __rtentry2.o(.ARM.Collect$$rtentry$$0000000C) for __rt_entry_postli_1
    __rtentry.o(.ARM.Collect$$rtentry$$00000000) refers (Special) to __rtentry2.o(.ARM.Collect$$rtentry$$00000009) for __rt_entry_postsh_1
    __rtentry.o(.ARM.Collect$$rtentry$$00000000) refers (Special) to __rtentry2.o(.ARM.Collect$$rtentry$$00000002) for __rt_entry_presh_1
    __rtentry.o(.ARM.Collect$$rtentry$$00000000) refers (Special) to __rtentry4.o(.ARM.Collect$$rtentry$$00000004) for __rt_entry_sh
    aeabi_ldiv0_sigfpe.o(.text) refers to rt_div0.o(.text) for __rt_div0
    __rtentry2.o(.ARM.Collect$$rtentry$$00000008) refers to boardinit2.o(.text) for _platform_post_stackheap_init
    __rtentry2.o(.ARM.Collect$$rtentry$$0000000A) refers to libinit.o(.ARM.Collect$$libinit$$00000000) for __rt_lib_init
    __rtentry2.o(.ARM.Collect$$rtentry$$0000000B) refers to boardinit3.o(.text) for _platform_post_lib_init
    __rtentry2.o(.ARM.Collect$$rtentry$$0000000D) refers to sample.o(.text) for main
    __rtentry2.o(.ARM.Collect$$rtentry$$0000000D) refers to exit.o(.text) for exit
    __rtentry2.o(.ARM.exidx) refers to __rtentry2.o(.ARM.Collect$$rtentry$$00000001) for .ARM.Collect$$rtentry$$00000001
    __rtentry2.o(.ARM.exidx) refers to __rtentry2.o(.ARM.Collect$$rtentry$$00000008) for .ARM.Collect$$rtentry$$00000008
    __rtentry2.o(.ARM.exidx) refers to __rtentry2.o(.ARM.Collect$$rtentry$$0000000A) for .ARM.Collect$$rtentry$$0000000A
    __rtentry2.o(.ARM.exidx) refers to __rtentry2.o(.ARM.Collect$$rtentry$$0000000B) for .ARM.Collect$$rtentry$$0000000B
    __rtentry2.o(.ARM.exidx) refers to __rtentry2.o(.ARM.Collect$$rtentry$$0000000D) for .ARM.Collect$$rtentry$$0000000D
    __rtentry4.o(.ARM.Collect$$rtentry$$00000004) refers to sys_stackheap_outer.o(.text) for __user_setup_stackheap
    __rtentry4.o(.ARM.exidx) refers to __rtentry4.o(.ARM.Collect$$rtentry$$00000004) for .ARM.Collect$$rtentry$$00000004
    rt_div0.o(.text) refers to defsig_fpe_outer.o(.text) for __rt_SIGFPE
    sys_stackheap_outer.o(.text) refers to libspace.o(.text) for __user_perproc_libspace
    sys_stackheap_outer.o(.text) refers to startup_lpc17xx.o(.text) for __user_initial_stackheap
    exit.o(.text) refers to rtexit.o(.ARM.Collect$$rtexit$$00000000) for __rt_exit
    defsig_fpe_outer.o(.text) refers to defsig_fpe_inner.o(.text) for __rt_SIGFPE_inner
    defsig_fpe_outer.o(.text) refers to defsig_exit.o(.text) for __sig_exit
    defsig_fpe_formal.o(.text) refers to rt_raise.o(.text) for __rt_raise
    libinit.o(.ARM.Collect$$libinit$$00000000) refers (Special) to libinit2.o(.ARM.Collect$$libinit$$00000030) for __rt_lib_init_alloca_1
    libinit.o(.ARM.Collect$$libinit$$00000000) refers (Special) to libinit2.o(.ARM.Collect$$libinit$$0000002E) for __rt_lib_init_argv_1
    libinit.o(.ARM.Collect$$libinit$$00000000) refers (Special) to libinit2.o(.ARM.Collect$$libinit$$0000001D) for __rt_lib_init_atexit_1
    libinit.o(.ARM.Collect$$libinit$$00000000) refers (Special) to libinit2.o(.ARM.Collect$$libinit$$00000023) for __rt_lib_init_clock_1
    libinit.o(.ARM.Collect$$libinit$$00000000) refers (Special) to libinit2.o(.ARM.Collect$$libinit$$00000034) for __rt_lib_init_cpp_1
    libinit.o(.ARM.Collect$$libinit$$00000000) refers (Special) to libinit2.o(.ARM.Collect$$libinit$$00000032) for __rt_lib_init_exceptions_1
    libinit.o(.ARM.Collect$$libinit$$00000000) refers (Special) to libinit2.o(.ARM.Collect$$libinit$$00000002) for __rt_lib_init_fp_1
    libinit.o(.ARM.Collect$$libinit$$00000000) refers (Special) to libinit2.o(.ARM.Collect$$libinit$$00000021) for __rt_lib_init_fp_trap_1
    libinit.o(.ARM.Collect$$libinit$$00000000) refers (Special) to libinit2.o(.ARM.Collect$$libinit$$00000025) for __rt_lib_init_getenv_1
    libinit.o(.ARM.Collect$$libinit$$00000000) refers (Special) to libinit2.o(.ARM.Collect$$libinit$$0000000C) for __rt_lib_init_heap_1
    libinit.o(.ARM.Collect$$libinit$$00000000) refers (Special) to libinit2.o(.ARM.Collect$$libinit$$00000013) for __rt_lib_init_lc_collate_1
    libinit.o(.ARM.Collect$$libinit$$00000000) refers (Special) to libinit2.o(.ARM.Collect$$libinit$$00000015) for __rt_lib_init_lc_ctype_1
    libinit.o(.ARM.Collect$$libinit$$00000000) refers (Special) to libinit2.o(.ARM.Collect$$libinit$$00000017) for __rt_lib_init_lc_monetary_1
    libinit.o(.ARM.Collect$$libinit$$00000000) refers (Special) to libinit2.o(.ARM.Collect$$libinit$$00000019) for __rt_lib_init_lc_numeric_1
    libinit.o(.ARM.Collect$$libinit$$00000000) refers (Special) to libinit2.o(.ARM.Collect$$libinit$$0000001B) for __rt_lib_init_lc_time_1
    libinit.o(.ARM.Collect$$libinit$$00000000) refers (Special) to libinit2.o(.ARM.Collect$$libinit$$00000006) for __rt_lib_init_preinit_1
    libinit.o(.ARM.Collect$$libinit$$00000000) refers (Special) to libinit2.o(.ARM.Collect$$libinit$$00000010) for __rt_lib_init_rand_1
    libinit.o(.ARM.Collect$$libinit$$00000000) refers (Special) to libinit2.o(.ARM.Collect$$libinit$$00000004) for __rt_lib_init_relocate_pie_1
    libinit.o(.ARM.Collect$$libinit$$00000000) refers (Special) to libinit2.o(.ARM.Collect$$libinit$$00000035) for __rt_lib_init_return
    libinit.o(.ARM.Collect$$libinit$$00000000) refers (Special) to libinit2.o(.ARM.Collect$$libinit$$0000001F) for __rt_lib_init_signal_1
    libinit.o(.ARM.Collect$$libinit$$00000000) refers (Special) to libinit2.o(.ARM.Collect$$libinit$$00000027) for __rt_lib_init_stdio_1
    libinit.o(.ARM.Collect$$libinit$$00000000) refers (Special) to libinit2.o(.ARM.Collect$$libinit$$0000000E) for __rt_lib_init_user_alloc_1
    libspace.o(.text) refers to libspace.o(.bss) for __libspace_start
    rtexit.o(.ARM.Collect$$rtexit$$00000000) refers (Special) to rtexit2.o(.ARM.Collect$$rtexit$$00000004) for __rt_exit_exit
    rtexit.o(.ARM.Collect$$rtexit$$00000000) refers (Special) to rtexit2.o(.ARM.Collect$$rtexit$$00000003) for __rt_exit_ls
    rtexit.o(.ARM.Collect$$rtexit$$00000000) refers (Special) to rtexit2.o(.ARM.Collect$$rtexit$$00000002) for __rt_exit_prels_1
    rtexit.o(.ARM.exidx) refers (Special) to rtexit2.o(.ARM.Collect$$rtexit$$00000004) for __rt_exit_exit
    rtexit.o(.ARM.exidx) refers (Special) to rtexit2.o(.ARM.Collect$$rtexit$$00000003) for __rt_exit_ls
    rtexit.o(.ARM.exidx) refers (Special) to rtexit2.o(.ARM.Collect$$rtexit$$00000002) for __rt_exit_prels_1
    rtexit.o(.ARM.exidx) refers to rtexit.o(.ARM.Collect$$rtexit$$00000000) for .ARM.Collect$$rtexit$$00000000
    rt_raise.o(.text) refers to __raise.o(.text) for __raise
    rt_raise.o(.text) refers to sys_exit.o(.text) for _sys_exit
    defsig_exit.o(.text) refers to sys_exit.o(.text) for _sys_exit
    defsig_fpe_inner.o(.text) refers to defsig_general.o(.text) for __default_signal_display
    libinit2.o(.ARM.Collect$$libinit$$00000012) refers to libinit2.o(.ARM.Collect$$libinit$$00000011) for .ARM.Collect$$libinit$$00000011
    libinit2.o(.ARM.Collect$$libinit$$00000014) refers to libinit2.o(.ARM.Collect$$libinit$$00000011) for .ARM.Collect$$libinit$$00000011
    libinit2.o(.ARM.Collect$$libinit$$00000016) refers to libinit2.o(.ARM.Collect$$libinit$$00000011) for .ARM.Collect$$libinit$$00000011
    libinit2.o(.ARM.Collect$$libinit$$00000018) refers to libinit2.o(.ARM.Collect$$libinit$$00000011) for .ARM.Collect$$libinit$$00000011
    libinit2.o(.ARM.Collect$$libinit$$0000001A) refers to libinit2.o(.ARM.Collect$$libinit$$00000011) for .ARM.Collect$$libinit$$00000011
    libinit2.o(.ARM.Collect$$libinit$$00000028) refers to argv_veneer.o(.emb_text) for __ARM_argv_veneer
    libinit2.o(.ARM.Collect$$libinit$$00000029) refers to argv_veneer.o(.emb_text) for __ARM_argv_veneer
    sys_exit.o(.text) refers (Special) to use_no_semi.o(.text) for __I$use$semihosting
    sys_exit.o(.text) refers (Special) to indicate_semi.o(.text) for __semihosting_library_function
    sys_exit_hlt.o(.text) refers (Special) to use_no_semi.o(.text) for __I$use$semihosting
    sys_exit_hlt.o(.text) refers (Special) to indicate_semi.o(.text) for __semihosting_library_function
    rtexit2.o(.ARM.Collect$$rtexit$$00000003) refers to libshutdown.o(.ARM.Collect$$libshutdown$$00000000) for __rt_lib_shutdown
    rtexit2.o(.ARM.Collect$$rtexit$$00000004) refers to sys_exit.o(.text) for _sys_exit
    rtexit2.o(.ARM.exidx) refers to rtexit2.o(.ARM.Collect$$rtexit$$00000001) for .ARM.Collect$$rtexit$$00000001
    rtexit2.o(.ARM.exidx) refers to rtexit2.o(.ARM.Collect$$rtexit$$00000003) for .ARM.Collect$$rtexit$$00000003
    rtexit2.o(.ARM.exidx) refers to rtexit2.o(.ARM.Collect$$rtexit$$00000004) for .ARM.Collect$$rtexit$$00000004
    __raise.o(.text) refers to defsig.o(CL$$defsig) for __default_signal_handler
    defsig_general.o(.text) refers to sys_wrch.o(.text) for _ttywrch
    argv_veneer.o(.emb_text) refers to no_argv.o(.text) for __ARM_get_argv
    sys_wrch.o(.text) refers (Special) to use_no_semi.o(.text) for __I$use$semihosting
    sys_wrch.o(.text) refers (Special) to indicate_semi.o(.text) for __semihosting_library_function
    sys_wrch_hlt.o(.text) refers (Special) to use_no_semi.o(.text) for __I$use$semihosting
    sys_wrch_hlt.o(.text) refers (Special) to indicate_semi.o(.text) for __semihosting_library_function
    defsig.o(CL$$defsig) refers to defsig_fpe_inner.o(.text) for __rt_SIGFPE_inner
    defsig.o(CL$$defsig) refers to defsig_rtmem_inner.o(.text) for __rt_SIGRTMEM_inner
    _get_argv_nomalloc.o(.text) refers (Special) to hrguard.o(.text) for __heap_region$guard
    _get_argv_nomalloc.o(.text) refers to defsig_rtmem_outer.o(.text) for __rt_SIGRTMEM
    _get_argv_nomalloc.o(.text) refers to sys_command.o(.text) for _sys_command_string
    libshutdown.o(.ARM.Collect$$libshutdown$$00000000) refers (Special) to libshutdown2.o(.ARM.Collect$$libshutdown$$00000002) for __rt_lib_shutdown_cpp_1
    libshutdown.o(.ARM.Collect$$libshutdown$$00000000) refers (Special) to libshutdown2.o(.ARM.Collect$$libshutdown$$00000007) for __rt_lib_shutdown_fp_trap_1
    libshutdown.o(.ARM.Collect$$libshutdown$$00000000) refers (Special) to libshutdown2.o(.ARM.Collect$$libshutdown$$0000000F) for __rt_lib_shutdown_heap_1
    libshutdown.o(.ARM.Collect$$libshutdown$$00000000) refers (Special) to libshutdown2.o(.ARM.Collect$$libshutdown$$00000010) for __rt_lib_shutdown_return
    libshutdown.o(.ARM.Collect$$libshutdown$$00000000) refers (Special) to libshutdown2.o(.ARM.Collect$$libshutdown$$0000000A) for __rt_lib_shutdown_signal_1
    libshutdown.o(.ARM.Collect$$libshutdown$$00000000) refers (Special) to libshutdown2.o(.ARM.Collect$$libshutdown$$00000004) for __rt_lib_shutdown_stdio_1
    libshutdown.o(.ARM.Collect$$libshutdown$$00000000) refers (Special) to libshutdown2.o(.ARM.Collect$$libshutdown$$0000000C) for __rt_lib_shutdown_user_alloc_1
    sys_command.o(.text) refers (Special) to use_no_semi.o(.text) for __I$use$semihosting
    sys_command.o(.text) refers (Special) to indicate_semi.o(.text) for __semihosting_library_function
    sys_command_hlt.o(.text) refers (Special) to use_no_semi.o(.text) for __I$use$semihosting
    sys_command_hlt.o(.text) refers (Special) to indicate_semi.o(.text) for __semihosting_library_function
    defsig_abrt_inner.o(.text) refers to defsig_general.o(.text) for __default_signal_display
    defsig_rtred_inner.o(.text) refers to defsig_general.o(.text) for __default_signal_display
    defsig_rtmem_inner.o(.text) refers to defsig_general.o(.text) for __default_signal_display
    defsig_rtmem_outer.o(.text) refers to defsig_rtmem_inner.o(.text) for __rt_SIGRTMEM_inner
    defsig_rtmem_outer.o(.text) refers to defsig_exit.o(.text) for __sig_exit
    defsig_rtmem_formal.o(.text) refers to rt_raise.o(.text) for __rt_raise
    defsig_stak_inner.o(.text) refers to defsig_general.o(.text) for __default_signal_display
    defsig_pvfn_inner.o(.text) refers to defsig_general.o(.text) for __default_signal_display
    defsig_cppl_inner.o(.text) refers to defsig_general.o(.text) for __default_signal_display
    defsig_segv_inner.o(.text) refers to defsig_general.o(.text) for __default_signal_display
    defsig_other.o(.text) refers to defsig_general.o(.text) for __default_signal_display


==============================================================================

Removing Unused input sections from the image.

    Removing sample.o(.ARM.exidx), (8 bytes).
    Removing sample.o(.ARM.use_no_argv), (4 bytes).
    Removing system_lpc17xx.o(.ARM.exidx), (16 bytes).
    Removing funct_led.o(.ARM.exidx), (24 bytes).
    Removing lib_led.o(.ARM.exidx), (16 bytes).
    Removing irq_button.o(.ARM.exidx), (32 bytes).
    Removing lib_button.o(.ARM.exidx), (24 bytes).
    Removing irq_rit.o(.ARM.exidx), (8 bytes).
    Removing irq_rit.o(.bss.RIT_IRQHandler.click), (4 bytes).
    Removing lib_rit.o(.ARM.exidx), (48 bytes).
    Removing lib_joystick.o(.ARM.exidx), (8 bytes).
    Removing funct_joystick.o(.text), (16 bytes).
    Removing funct_joystick.o(.ARM.exidx), (8 bytes).
    Removing irq_timer.o(.ARM.exidx), (40 bytes).
    Removing lib_timer.o(.ARM.exidx), (48 bytes).
    Removing irq_adc.o(.ARM.exidx), (8 bytes).
    Removing lib_adc.o(.text), (222 bytes).
    Removing lib_adc.o(.ARM.exidx), (32 bytes).
    Removing lib_dac.o(.text), (42 bytes).
    Removing lib_dac.o(.ARM.exidx), (8 bytes).

20 unused section(s) (total 616 bytes) removed from the image.

==============================================================================

Image Symbol Table

    Local Symbols

    Symbol Name                              Value     Ov Type        Size  Object(Section)

    ../clib/angel/boardlib.s                 0x00000000   Number         0  boardinit1.o ABSOLUTE
    ../clib/angel/boardlib.s                 0x00000000   Number         0  boardinit2.o ABSOLUTE
    ../clib/angel/boardlib.s                 0x00000000   Number         0  boardinit3.o ABSOLUTE
    ../clib/angel/boardlib.s                 0x00000000   Number         0  boardshut.o ABSOLUTE
    ../clib/angel/handlers.s                 0x00000000   Number         0  __scatter_copy.o ABSOLUTE
    ../clib/angel/handlers.s                 0x00000000   Number         0  __scatter_zi.o ABSOLUTE
    ../clib/angel/kernel.s                   0x00000000   Number         0  __rtentry.o ABSOLUTE
    ../clib/angel/kernel.s                   0x00000000   Number         0  __rtentry2.o ABSOLUTE
    ../clib/angel/kernel.s                   0x00000000   Number         0  __rtentry4.o ABSOLUTE
    ../clib/angel/kernel.s                   0x00000000   Number         0  rtexit.o ABSOLUTE
    ../clib/angel/kernel.s                   0x00000000   Number         0  rtexit2.o ABSOLUTE
    ../clib/angel/rt.s                       0x00000000   Number         0  aeabi_ldiv0.o ABSOLUTE
    ../clib/angel/rt.s                       0x00000000   Number         0  aeabi_ldiv0_sigfpe.o ABSOLUTE
    ../clib/angel/rt.s                       0x00000000   Number         0  rt_div0.o ABSOLUTE
    ../clib/angel/rt.s                       0x00000000   Number         0  rt_raise.o ABSOLUTE
    ../clib/angel/scatter.s                  0x00000000   Number         0  __scatter.o ABSOLUTE
    ../clib/angel/startup.s                  0x00000000   Number         0  __main.o ABSOLUTE
    ../clib/angel/sys.s                      0x00000000   Number         0  sys_stackheap_outer.o ABSOLUTE
    ../clib/angel/sys.s                      0x00000000   Number         0  libspace.o ABSOLUTE
    ../clib/angel/sys.s                      0x00000000   Number         0  use_no_semi.o ABSOLUTE
    ../clib/angel/sys.s                      0x00000000   Number         0  indicate_semi.o ABSOLUTE
    ../clib/angel/sysapp.c                   0x00000000   Number         0  sys_exit.o ABSOLUTE
    ../clib/angel/sysapp.c                   0x00000000   Number         0  sys_exit_hlt.o ABSOLUTE
    ../clib/angel/sysapp.c                   0x00000000   Number         0  sys_wrch.o ABSOLUTE
    ../clib/angel/sysapp.c                   0x00000000   Number         0  sys_wrch_hlt.o ABSOLUTE
    ../clib/angel/sysapp.c                   0x00000000   Number         0  sys_command.o ABSOLUTE
    ../clib/angel/sysapp.c                   0x00000000   Number         0  sys_command_hlt.o ABSOLUTE
    ../clib/armsys.c                         0x00000000   Number         0  argv_veneer.o ABSOLUTE
    ../clib/armsys.c                         0x00000000   Number         0  argv_veneer.o ABSOLUTE
    ../clib/armsys.c                         0x00000000   Number         0  _get_argv_nomalloc.o ABSOLUTE
    ../clib/armsys.c                         0x00000000   Number         0  no_argv.o ABSOLUTE
    ../clib/heapalloc.c                      0x00000000   Number         0  hrguard.o ABSOLUTE
    ../clib/heapaux.c                        0x00000000   Number         0  heapauxi.o ABSOLUTE
    ../clib/libinit.s                        0x00000000   Number         0  libinit.o ABSOLUTE
    ../clib/libinit.s                        0x00000000   Number         0  libinit2.o ABSOLUTE
    ../clib/libinit.s                        0x00000000   Number         0  libshutdown.o ABSOLUTE
    ../clib/libinit.s                        0x00000000   Number         0  libshutdown2.o ABSOLUTE
    ../clib/longlong.s                       0x00000000   Number         0  lludivv7m.o ABSOLUTE
    ../clib/signal.c                         0x00000000   Number         0  defsig_fpe_outer.o ABSOLUTE
    ../clib/signal.c                         0x00000000   Number         0  defsig_fpe_formal.o ABSOLUTE
    ../clib/signal.c                         0x00000000   Number         0  defsig_exit.o ABSOLUTE
    ../clib/signal.c                         0x00000000   Number         0  defsig_fpe_inner.o ABSOLUTE
    ../clib/signal.c                         0x00000000   Number         0  __raise.o ABSOLUTE
    ../clib/signal.c                         0x00000000   Number         0  defsig_general.o ABSOLUTE
    ../clib/signal.c                         0x00000000   Number         0  defsig_abrt_inner.o ABSOLUTE
    ../clib/signal.c                         0x00000000   Number         0  defsig_rtred_inner.o ABSOLUTE
    ../clib/signal.c                         0x00000000   Number         0  defsig_rtmem_inner.o ABSOLUTE
    ../clib/signal.c                         0x00000000   Number         0  defsig_rtmem_outer.o ABSOLUTE
    ../clib/signal.c                         0x00000000   Number         0  defsig_rtmem_formal.o ABSOLUTE
    ../clib/signal.c                         0x00000000   Number         0  defsig_stak_inner.o ABSOLUTE
    ../clib/signal.c                         0x00000000   Number         0  defsig_pvfn_inner.o ABSOLUTE
    ../clib/signal.c                         0x00000000   Number         0  defsig_cppl_inner.o ABSOLUTE
    ../clib/signal.c                         0x00000000   Number         0  defsig_segv_inner.o ABSOLUTE
    ../clib/signal.c                         0x00000000   Number         0  defsig_other.o ABSOLUTE
    ../clib/signal.s                         0x00000000   Number         0  defsig.o ABSOLUTE
    ../clib/stdlib.c                         0x00000000   Number         0  exit.o ABSOLUTE
    ../fplib/fpinit.s                        0x00000000   Number         0  fpinit.o ABSOLUTE
    ../fplib/fpinit_empty.s                  0x00000000   Number         0  fpinit_empty.o ABSOLUTE
    IRQ_RIT.c                                0x00000000   Number         0  irq_rit.o ABSOLUTE
    IRQ_adc.c                                0x00000000   Number         0  irq_adc.o ABSOLUTE
    IRQ_button.c                             0x00000000   Number         0  irq_button.o ABSOLUTE
    IRQ_timer.c                              0x00000000   Number         0  irq_timer.o ABSOLUTE
    Source\startup_LPC17xx.s                 0x00000000   Number         0  startup_lpc17xx.o ABSOLUTE
    dc.s                                     0x00000000   Number         0  dc.o ABSOLUTE
    funct_joystick.c                         0x00000000   Number         0  funct_joystick.o ABSOLUTE
    funct_led.c                              0x00000000   Number         0  funct_led.o ABSOLUTE
    lib_RIT.c                                0x00000000   Number         0  lib_rit.o ABSOLUTE
    lib_adc.c                                0x00000000   Number         0  lib_adc.o ABSOLUTE
    lib_button.c                             0x00000000   Number         0  lib_button.o ABSOLUTE
    lib_dac.c                                0x00000000   Number         0  lib_dac.o ABSOLUTE
    lib_joystick.c                           0x00000000   Number         0  lib_joystick.o ABSOLUTE
    lib_led.c                                0x00000000   Number         0  lib_led.o ABSOLUTE
    lib_timer.c                              0x00000000   Number         0  lib_timer.o ABSOLUTE
    sample.c                                 0x00000000   Number         0  sample.o ABSOLUTE
    system_LPC17xx.c                         0x00000000   Number         0  system_lpc17xx.o ABSOLUTE
    RESET                                    0x00000000   Section      204  startup_lpc17xx.o(RESET)
    !!!main                                  0x000000cc   Section        8  __main.o(!!!main)
    !!!scatter                               0x000000d4   Section       92  __scatter.o(!!!scatter)
    !!handler_copy                           0x00000130   Section       26  __scatter_copy.o(!!handler_copy)
    !!handler_null                           0x0000014c   Section        2  __scatter.o(!!handler_null)
    !!handler_zi                             0x00000150   Section       28  __scatter_zi.o(!!handler_zi)
    .ARM.Collect$$libinit$$00000000          0x0000016c   Section        2  libinit.o(.ARM.Collect$$libinit$$00000000)
    .ARM.Collect$$libinit$$00000002          0x0000016e   Section        0  libinit2.o(.ARM.Collect$$libinit$$00000002)
    .ARM.Collect$$libinit$$00000004          0x0000016e   Section        0  libinit2.o(.ARM.Collect$$libinit$$00000004)
    .ARM.Collect$$libinit$$00000006          0x0000016e   Section        0  libinit2.o(.ARM.Collect$$libinit$$00000006)
    .ARM.Collect$$libinit$$0000000C          0x0000016e   Section        0  libinit2.o(.ARM.Collect$$libinit$$0000000C)
    .ARM.Collect$$libinit$$0000000E          0x0000016e   Section        0  libinit2.o(.ARM.Collect$$libinit$$0000000E)
    .ARM.Collect$$libinit$$00000010          0x0000016e   Section        0  libinit2.o(.ARM.Collect$$libinit$$00000010)
    .ARM.Collect$$libinit$$00000013          0x0000016e   Section        0  libinit2.o(.ARM.Collect$$libinit$$00000013)
    .ARM.Collect$$libinit$$00000015          0x0000016e   Section        0  libinit2.o(.ARM.Collect$$libinit$$00000015)
    .ARM.Collect$$libinit$$00000017          0x0000016e   Section        0  libinit2.o(.ARM.Collect$$libinit$$00000017)
    .ARM.Collect$$libinit$$00000019          0x0000016e   Section        0  libinit2.o(.ARM.Collect$$libinit$$00000019)
    .ARM.Collect$$libinit$$0000001B          0x0000016e   Section        0  libinit2.o(.ARM.Collect$$libinit$$0000001B)
    .ARM.Collect$$libinit$$0000001D          0x0000016e   Section        0  libinit2.o(.ARM.Collect$$libinit$$0000001D)
    .ARM.Collect$$libinit$$0000001F          0x0000016e   Section        0  libinit2.o(.ARM.Collect$$libinit$$0000001F)
    .ARM.Collect$$libinit$$00000021          0x0000016e   Section        0  libinit2.o(.ARM.Collect$$libinit$$00000021)
    .ARM.Collect$$libinit$$00000023          0x0000016e   Section        0  libinit2.o(.ARM.Collect$$libinit$$00000023)
    .ARM.Collect$$libinit$$00000025          0x0000016e   Section        0  libinit2.o(.ARM.Collect$$libinit$$00000025)
    .ARM.Collect$$libinit$$00000027          0x0000016e   Section        0  libinit2.o(.ARM.Collect$$libinit$$00000027)
    .ARM.Collect$$libinit$$0000002E          0x0000016e   Section        0  libinit2.o(.ARM.Collect$$libinit$$0000002E)
    .ARM.Collect$$libinit$$00000030          0x0000016e   Section        0  libinit2.o(.ARM.Collect$$libinit$$00000030)
    .ARM.Collect$$libinit$$00000032          0x0000016e   Section        0  libinit2.o(.ARM.Collect$$libinit$$00000032)
    .ARM.Collect$$libinit$$00000034          0x0000016e   Section        0  libinit2.o(.ARM.Collect$$libinit$$00000034)
    .ARM.Collect$$libinit$$00000035          0x0000016e   Section        2  libinit2.o(.ARM.Collect$$libinit$$00000035)
    .ARM.Collect$$libshutdown$$00000000      0x00000170   Section        2  libshutdown.o(.ARM.Collect$$libshutdown$$00000000)
    .ARM.Collect$$libshutdown$$00000002      0x00000172   Section        0  libshutdown2.o(.ARM.Collect$$libshutdown$$00000002)
    .ARM.Collect$$libshutdown$$00000004      0x00000172   Section        0  libshutdown2.o(.ARM.Collect$$libshutdown$$00000004)
    .ARM.Collect$$libshutdown$$00000007      0x00000172   Section        0  libshutdown2.o(.ARM.Collect$$libshutdown$$00000007)
    .ARM.Collect$$libshutdown$$0000000A      0x00000172   Section        0  libshutdown2.o(.ARM.Collect$$libshutdown$$0000000A)
    .ARM.Collect$$libshutdown$$0000000C      0x00000172   Section        0  libshutdown2.o(.ARM.Collect$$libshutdown$$0000000C)
    .ARM.Collect$$libshutdown$$0000000F      0x00000172   Section        0  libshutdown2.o(.ARM.Collect$$libshutdown$$0000000F)
    .ARM.Collect$$libshutdown$$00000010      0x00000172   Section        2  libshutdown2.o(.ARM.Collect$$libshutdown$$00000010)
    .ARM.Collect$$rtentry$$00000000          0x00000174   Section        0  __rtentry.o(.ARM.Collect$$rtentry$$00000000)
    .ARM.Collect$$rtentry$$00000002          0x00000174   Section        0  __rtentry2.o(.ARM.Collect$$rtentry$$00000002)
    .ARM.Collect$$rtentry$$00000004          0x00000174   Section        6  __rtentry4.o(.ARM.Collect$$rtentry$$00000004)
    .ARM.Collect$$rtentry$$00000009          0x0000017a   Section        0  __rtentry2.o(.ARM.Collect$$rtentry$$00000009)
    .ARM.Collect$$rtentry$$0000000A          0x0000017a   Section        4  __rtentry2.o(.ARM.Collect$$rtentry$$0000000A)
    .ARM.Collect$$rtentry$$0000000C          0x0000017e   Section        0  __rtentry2.o(.ARM.Collect$$rtentry$$0000000C)
    .ARM.Collect$$rtentry$$0000000D          0x0000017e   Section        8  __rtentry2.o(.ARM.Collect$$rtentry$$0000000D)
    .ARM.Collect$$rtexit$$00000000           0x00000186   Section        2  rtexit.o(.ARM.Collect$$rtexit$$00000000)
    .ARM.Collect$$rtexit$$00000002           0x00000188   Section        0  rtexit2.o(.ARM.Collect$$rtexit$$00000002)
    .ARM.Collect$$rtexit$$00000003           0x00000188   Section        4  rtexit2.o(.ARM.Collect$$rtexit$$00000003)
    .ARM.Collect$$rtexit$$00000004           0x0000018c   Section        6  rtexit2.o(.ARM.Collect$$rtexit$$00000004)
    .text                                    0x00000194   Section       72  startup_lpc17xx.o(.text)
    [Anonymous Symbol]                       0x000001dc   Section        0  sample.o(.text)
    [Anonymous Symbol]                       0x0000023c   Section        0  funct_led.o(.text)
    .text                                    0x000002e6   Section        0  heapauxi.o(.text)
    .text                                    0x000002ec   Section        8  libspace.o(.text)
    .text                                    0x000002f4   Section        2  use_no_semi.o(.text)
    .text                                    0x000002f6   Section        0  indicate_semi.o(.text)
    .ARM.__at_0x02FC                         0x000002fc   Section        4  startup_lpc17xx.o(.ARM.__at_0x02FC)
    [Anonymous Symbol]                       0x00000300   Section        0  system_lpc17xx.o(.text)
    [Anonymous Symbol]                       0x00000630   Section        0  lib_led.o(.text)
    [Anonymous Symbol]                       0x00000680   Section        0  irq_button.o(.text)
    __NVIC_DisableIRQ                        0x000006b1   Thumb Code    56  irq_button.o(.text)
    [Anonymous Symbol]                       0x00000748   Section        0  lib_button.o(.text)
    __NVIC_EnableIRQ                         0x000007f1   Thumb Code    48  lib_button.o(.text)
    __NVIC_SetPriority                       0x00000821   Thumb Code    66  lib_button.o(.text)
    [Anonymous Symbol]                       0x00000864   Section        0  irq_rit.o(.text)
    [Anonymous Symbol]                       0x000009a0   Section        0  lib_rit.o(.text)
    __NVIC_EnableIRQ                         0x00000a31   Thumb Code    48  lib_rit.o(.text)
    __NVIC_SetPriority                       0x00000a61   Thumb Code    66  lib_rit.o(.text)
    [Anonymous Symbol]                       0x00000aa4   Section        0  lib_joystick.o(.text)
    [Anonymous Symbol]                       0x00000ac8   Section        0  irq_timer.o(.text)
    __NVIC_EnableIRQ                         0x00000cb9   Thumb Code    48  irq_timer.o(.text)
    [Anonymous Symbol]                       0x00000ce8   Section        0  lib_timer.o(.text)
    __NVIC_EnableIRQ                         0x00000f59   Thumb Code    48  lib_timer.o(.text)
    __NVIC_SetPriority                       0x00000f89   Thumb Code    66  lib_timer.o(.text)
    [Anonymous Symbol]                       0x00000fcc   Section        0  irq_adc.o(.text)
    .text                                    0x00001078   Section      240  lludivv7m.o(.text)
    .text                                    0x00001168   Section       74  sys_stackheap_outer.o(.text)
    .text                                    0x000011b2   Section        0  exit.o(.text)
    .text                                    0x000011c4   Section        0  sys_exit.o(.text)
    Stack_Mem                                0x10000000   Data         512  startup_lpc17xx.o(STACK)
    STACK                                    0x10000000   Section      512  startup_lpc17xx.o(STACK)
    __initial_sp                             0x10000200   Data           0  startup_lpc17xx.o(STACK)
    .bss                                     0x2007c060   Section       96  libspace.o(.bss)
    RIT_IRQHandler.down                      0x2007c0c4   Data           4  irq_rit.o(.bss.RIT_IRQHandler.down)
    [Anonymous Symbol]                       0x2007c0c4   Section        0  irq_rit.o(.bss.RIT_IRQHandler.down)
    RIT_IRQHandler.left                      0x2007c0c8   Data           4  irq_rit.o(.bss.RIT_IRQHandler.left)
    [Anonymous Symbol]                       0x2007c0c8   Section        0  irq_rit.o(.bss.RIT_IRQHandler.left)
    RIT_IRQHandler.right                     0x2007c0cc   Data           4  irq_rit.o(.bss.RIT_IRQHandler.right)
    [Anonymous Symbol]                       0x2007c0cc   Section        0  irq_rit.o(.bss.RIT_IRQHandler.right)
    RIT_IRQHandler.up                        0x2007c0d0   Data           4  irq_rit.o(.bss.RIT_IRQHandler.up)
    [Anonymous Symbol]                       0x2007c0d0   Section        0  irq_rit.o(.bss.RIT_IRQHandler.up)
    TIMER2_IRQHandler.ticks                  0x2007c0d4   Data           4  irq_timer.o(.bss.TIMER2_IRQHandler.ticks)
    [Anonymous Symbol]                       0x2007c0d4   Section        0  irq_timer.o(.bss.TIMER2_IRQHandler.ticks)
    TIMER3_IRQHandler.down_INT0              0x2007c0d8   Data           4  irq_timer.o(.bss.TIMER3_IRQHandler.down_INT0)
    [Anonymous Symbol]                       0x2007c0d8   Section        0  irq_timer.o(.bss.TIMER3_IRQHandler.down_INT0)
    TIMER3_IRQHandler.down_KEY1              0x2007c0dc   Data           4  irq_timer.o(.bss.TIMER3_IRQHandler.down_KEY1)
    [Anonymous Symbol]                       0x2007c0dc   Section        0  irq_timer.o(.bss.TIMER3_IRQHandler.down_KEY1)
    TIMER3_IRQHandler.down_KEY2              0x2007c0e0   Data           4  irq_timer.o(.bss.TIMER3_IRQHandler.down_KEY2)
    [Anonymous Symbol]                       0x2007c0e0   Section        0  irq_timer.o(.bss.TIMER3_IRQHandler.down_KEY2)
    Heap_Mem                                 0x2007c0e8   Data           0  startup_lpc17xx.o(HEAP)
    HEAP                                     0x2007c0e8   Section        0  startup_lpc17xx.o(HEAP)

    Global Symbols

    Symbol Name                              Value     Ov Type        Size  Object(Section)

    BuildAttributes$$THM_ISAv4$P$D$K$B$S$PE$A:L22UL41UL21$X:L11$S22US41US21$IEEE1$IW$~IW$USESV6$~STKCKD$USESV7$~SHL$OSPACE$ROPI$EBA8$UX$STANDARDLIB$REQ8$PRES8$EABIv2 0x00000000   Number         0  anon$$obj.o ABSOLUTE
    __Vectors                                0x00000000   Data           4  startup_lpc17xx.o(RESET)
    __fp_init_empty                          0x00000000   Number         0  fpinit_empty.o ABSOLUTE
    __ARM_exceptions_init                     - Undefined Weak Reference
    __alloca_initialize                       - Undefined Weak Reference
    __arm_preinit_                            - Undefined Weak Reference
    __arm_relocate_pie_                       - Undefined Weak Reference
    __cpp_initialize__aeabi_                  - Undefined Weak Reference
    __cxa_finalize                            - Undefined Weak Reference
    __rt_locale                               - Undefined Weak Reference
    __sigvec_lookup                           - Undefined Weak Reference
    _atexit_init                              - Undefined Weak Reference
    _call_atexit_fns                          - Undefined Weak Reference
    _clock_init                               - Undefined Weak Reference
    _fp_trap_init                             - Undefined Weak Reference
    _fp_trap_shutdown                         - Undefined Weak Reference
    _get_lc_collate                           - Undefined Weak Reference
    _get_lc_ctype                             - Undefined Weak Reference
    _get_lc_monetary                          - Undefined Weak Reference
    _get_lc_numeric                           - Undefined Weak Reference
    _get_lc_time                              - Undefined Weak Reference
    _getenv_init                              - Undefined Weak Reference
    _handle_redirection                       - Undefined Weak Reference
    _init_alloc                               - Undefined Weak Reference
    _init_user_alloc                          - Undefined Weak Reference
    _initio                                   - Undefined Weak Reference
    _rand_init                                - Undefined Weak Reference
    _signal_finish                            - Undefined Weak Reference
    _signal_init                              - Undefined Weak Reference
    _terminate_alloc                          - Undefined Weak Reference
    _terminate_user_alloc                     - Undefined Weak Reference
    _terminateio                              - Undefined Weak Reference
    __main                                   0x000000cd   Thumb Code     8  __main.o(!!!main)
    __scatterload                            0x000000d5   Thumb Code     0  __scatter.o(!!!scatter)
    __scatterload_rt2                        0x000000d5   Thumb Code    84  __scatter.o(!!!scatter)
    __scatterload_rt2_thumb_only             0x000000d5   Thumb Code     0  __scatter.o(!!!scatter)
    __scatterload_loop                       0x000000df   Thumb Code     0  __scatter.o(!!!scatter)
    __scatterload_copy                       0x00000131   Thumb Code    26  __scatter_copy.o(!!handler_copy)
    __scatterload_null                       0x0000014d   Thumb Code     2  __scatter.o(!!handler_null)
    __scatterload_zeroinit                   0x00000151   Thumb Code    28  __scatter_zi.o(!!handler_zi)
    __rt_lib_init                            0x0000016d   Thumb Code     0  libinit.o(.ARM.Collect$$libinit$$00000000)
    __rt_lib_init_alloca_1                   0x0000016f   Thumb Code     0  libinit2.o(.ARM.Collect$$libinit$$00000030)
    __rt_lib_init_argv_1                     0x0000016f   Thumb Code     0  libinit2.o(.ARM.Collect$$libinit$$0000002E)
    __rt_lib_init_atexit_1                   0x0000016f   Thumb Code     0  libinit2.o(.ARM.Collect$$libinit$$0000001D)
    __rt_lib_init_clock_1                    0x0000016f   Thumb Code     0  libinit2.o(.ARM.Collect$$libinit$$00000023)
    __rt_lib_init_cpp_1                      0x0000016f   Thumb Code     0  libinit2.o(.ARM.Collect$$libinit$$00000034)
    __rt_lib_init_exceptions_1               0x0000016f   Thumb Code     0  libinit2.o(.ARM.Collect$$libinit$$00000032)
    __rt_lib_init_fp_1                       0x0000016f   Thumb Code     0  libinit2.o(.ARM.Collect$$libinit$$00000002)
    __rt_lib_init_fp_trap_1                  0x0000016f   Thumb Code     0  libinit2.o(.ARM.Collect$$libinit$$00000021)
    __rt_lib_init_getenv_1                   0x0000016f   Thumb Code     0  libinit2.o(.ARM.Collect$$libinit$$00000025)
    __rt_lib_init_heap_1                     0x0000016f   Thumb Code     0  libinit2.o(.ARM.Collect$$libinit$$0000000C)
    __rt_lib_init_lc_collate_1               0x0000016f   Thumb Code     0  libinit2.o(.ARM.Collect$$libinit$$00000013)
    __rt_lib_init_lc_ctype_1                 0x0000016f   Thumb Code     0  libinit2.o(.ARM.Collect$$libinit$$00000015)
    __rt_lib_init_lc_monetary_1              0x0000016f   Thumb Code     0  libinit2.o(.ARM.Collect$$libinit$$00000017)
    __rt_lib_init_lc_numeric_1               0x0000016f   Thumb Code     0  libinit2.o(.ARM.Collect$$libinit$$00000019)
    __rt_lib_init_lc_time_1                  0x0000016f   Thumb Code     0  libinit2.o(.ARM.Collect$$libinit$$0000001B)
    __rt_lib_init_preinit_1                  0x0000016f   Thumb Code     0  libinit2.o(.ARM.Collect$$libinit$$00000006)
    __rt_lib_init_rand_1                     0x0000016f   Thumb Code     0  libinit2.o(.ARM.Collect$$libinit$$00000010)
    __rt_lib_init_relocate_pie_1             0x0000016f   Thumb Code     0  libinit2.o(.ARM.Collect$$libinit$$00000004)
    __rt_lib_init_return                     0x0000016f   Thumb Code     0  libinit2.o(.ARM.Collect$$libinit$$00000035)
    __rt_lib_init_signal_1                   0x0000016f   Thumb Code     0  libinit2.o(.ARM.Collect$$libinit$$0000001F)
    __rt_lib_init_stdio_1                    0x0000016f   Thumb Code     0  libinit2.o(.ARM.Collect$$libinit$$00000027)
    __rt_lib_init_user_alloc_1               0x0000016f   Thumb Code     0  libinit2.o(.ARM.Collect$$libinit$$0000000E)
    __rt_lib_shutdown                        0x00000171   Thumb Code     0  libshutdown.o(.ARM.Collect$$libshutdown$$00000000)
    __rt_lib_shutdown_cpp_1                  0x00000173   Thumb Code     0  libshutdown2.o(.ARM.Collect$$libshutdown$$00000002)
    __rt_lib_shutdown_fp_trap_1              0x00000173   Thumb Code     0  libshutdown2.o(.ARM.Collect$$libshutdown$$00000007)
    __rt_lib_shutdown_heap_1                 0x00000173   Thumb Code     0  libshutdown2.o(.ARM.Collect$$libshutdown$$0000000F)
    __rt_lib_shutdown_return                 0x00000173   Thumb Code     0  libshutdown2.o(.ARM.Collect$$libshutdown$$00000010)
    __rt_lib_shutdown_signal_1               0x00000173   Thumb Code     0  libshutdown2.o(.ARM.Collect$$libshutdown$$0000000A)
    __rt_lib_shutdown_stdio_1                0x00000173   Thumb Code     0  libshutdown2.o(.ARM.Collect$$libshutdown$$00000004)
    __rt_lib_shutdown_user_alloc_1           0x00000173   Thumb Code     0  libshutdown2.o(.ARM.Collect$$libshutdown$$0000000C)
    __rt_entry                               0x00000175   Thumb Code     0  __rtentry.o(.ARM.Collect$$rtentry$$00000000)
    __rt_entry_presh_1                       0x00000175   Thumb Code     0  __rtentry2.o(.ARM.Collect$$rtentry$$00000002)
    __rt_entry_sh                            0x00000175   Thumb Code     0  __rtentry4.o(.ARM.Collect$$rtentry$$00000004)
    __rt_entry_li                            0x0000017b   Thumb Code     0  __rtentry2.o(.ARM.Collect$$rtentry$$0000000A)
    __rt_entry_postsh_1                      0x0000017b   Thumb Code     0  __rtentry2.o(.ARM.Collect$$rtentry$$00000009)
    __rt_entry_main                          0x0000017f   Thumb Code     0  __rtentry2.o(.ARM.Collect$$rtentry$$0000000D)
    __rt_entry_postli_1                      0x0000017f   Thumb Code     0  __rtentry2.o(.ARM.Collect$$rtentry$$0000000C)
    __rt_exit                                0x00000187   Thumb Code     0  rtexit.o(.ARM.Collect$$rtexit$$00000000)
    __rt_exit_ls                             0x00000189   Thumb Code     0  rtexit2.o(.ARM.Collect$$rtexit$$00000003)
    __rt_exit_prels_1                        0x00000189   Thumb Code     0  rtexit2.o(.ARM.Collect$$rtexit$$00000002)
    __rt_exit_exit                           0x0000018d   Thumb Code     0  rtexit2.o(.ARM.Collect$$rtexit$$00000004)
    Reset_Handler                            0x00000195   Thumb Code     2  startup_lpc17xx.o(.text)
    NMI_Handler                              0x00000197   Thumb Code     2  startup_lpc17xx.o(.text)
    HardFault_Handler                        0x00000199   Thumb Code     2  startup_lpc17xx.o(.text)
    MemManage_Handler                        0x0000019b   Thumb Code     2  startup_lpc17xx.o(.text)
    BusFault_Handler                         0x0000019d   Thumb Code     2  startup_lpc17xx.o(.text)
    UsageFault_Handler                       0x0000019f   Thumb Code     2  startup_lpc17xx.o(.text)
    SVC_Handler                              0x000001a1   Thumb Code    28  startup_lpc17xx.o(.text)
    DebugMon_Handler                         0x000001bd   Thumb Code     2  startup_lpc17xx.o(.text)
    PendSV_Handler                           0x000001bf   Thumb Code     2  startup_lpc17xx.o(.text)
    SysTick_Handler                          0x000001c1   Thumb Code     2  startup_lpc17xx.o(.text)
    BOD_IRQHandler                           0x000001c3   Thumb Code     0  startup_lpc17xx.o(.text)
    CANActivity_IRQHandler                   0x000001c3   Thumb Code     0  startup_lpc17xx.o(.text)
    CAN_IRQHandler                           0x000001c3   Thumb Code     0  startup_lpc17xx.o(.text)
    DMA_IRQHandler                           0x000001c3   Thumb Code     0  startup_lpc17xx.o(.text)
    EINT3_IRQHandler                         0x000001c3   Thumb Code     0  startup_lpc17xx.o(.text)
    ENET_IRQHandler                          0x000001c3   Thumb Code     0  startup_lpc17xx.o(.text)
    I2C0_IRQHandler                          0x000001c3   Thumb Code     0  startup_lpc17xx.o(.text)
    I2C1_IRQHandler                          0x000001c3   Thumb Code     0  startup_lpc17xx.o(.text)
    I2C2_IRQHandler                          0x000001c3   Thumb Code     0  startup_lpc17xx.o(.text)
    I2S_IRQHandler                           0x000001c3   Thumb Code     0  startup_lpc17xx.o(.text)
    MCPWM_IRQHandler                         0x000001c3   Thumb Code     0  startup_lpc17xx.o(.text)
    PLL0_IRQHandler                          0x000001c3   Thumb Code     0  startup_lpc17xx.o(.text)
    PLL1_IRQHandler                          0x000001c3   Thumb Code     0  startup_lpc17xx.o(.text)
    PWM1_IRQHandler                          0x000001c3   Thumb Code     0  startup_lpc17xx.o(.text)
    QEI_IRQHandler                           0x000001c3   Thumb Code     0  startup_lpc17xx.o(.text)
    RTC_IRQHandler                           0x000001c3   Thumb Code     0  startup_lpc17xx.o(.text)
    SPI_IRQHandler                           0x000001c3   Thumb Code     0  startup_lpc17xx.o(.text)
    SSP0_IRQHandler                          0x000001c3   Thumb Code     0  startup_lpc17xx.o(.text)
    SSP1_IRQHandler                          0x000001c3   Thumb Code     0  startup_lpc17xx.o(.text)
    UART0_IRQHandler                         0x000001c3   Thumb Code     0  startup_lpc17xx.o(.text)
    UART1_IRQHandler                         0x000001c3   Thumb Code     0  startup_lpc17xx.o(.text)
    UART2_IRQHandler                         0x000001c3   Thumb Code     0  startup_lpc17xx.o(.text)
    UART3_IRQHandler                         0x000001c3   Thumb Code     0  startup_lpc17xx.o(.text)
    USBActivity_IRQHandler                   0x000001c3   Thumb Code     0  startup_lpc17xx.o(.text)
    USB_IRQHandler                           0x000001c3   Thumb Code     0  startup_lpc17xx.o(.text)
    WDT_IRQHandler                           0x000001c3   Thumb Code     0  startup_lpc17xx.o(.text)
    __user_initial_stackheap                 0x000001c5   Thumb Code     0  startup_lpc17xx.o(.text)
    main                                     0x000001dd   Thumb Code    94  sample.o(.text)
    LED_On                                   0x0000023d   Thumb Code    48  funct_led.o(.text)
    LED_Off                                  0x0000026d   Thumb Code    48  funct_led.o(.text)
    LED_Out                                  0x0000029d   Thumb Code    74  funct_led.o(.text)
    __use_two_region_memory                  0x000002e7   Thumb Code     2  heapauxi.o(.text)
    __rt_heap_escrow$2region                 0x000002e9   Thumb Code     2  heapauxi.o(.text)
    __rt_heap_expand$2region                 0x000002eb   Thumb Code     2  heapauxi.o(.text)
    __user_libspace                          0x000002ed   Thumb Code     8  libspace.o(.text)
    __user_perproc_libspace                  0x000002ed   Thumb Code     0  libspace.o(.text)
    __user_perthread_libspace                0x000002ed   Thumb Code     0  libspace.o(.text)
    __I$use$semihosting                      0x000002f5   Thumb Code     0  use_no_semi.o(.text)
    __use_no_semihosting_swi                 0x000002f5   Thumb Code     2  use_no_semi.o(.text)
    __semihosting_library_function           0x000002f7   Thumb Code     0  indicate_semi.o(.text)
    SystemCoreClockUpdate                    0x00000301   Thumb Code   428  system_lpc17xx.o(.text)
    SystemInit                               0x000004ad   Thumb Code   388  system_lpc17xx.o(.text)
    LED_init                                 0x00000631   Thumb Code    60  lib_led.o(.text)
    LED_deinit                               0x0000066d   Thumb Code    18  lib_led.o(.text)
    EINT0_IRQHandler                         0x00000681   Thumb Code    48  irq_button.o(.text)
    EINT1_IRQHandler                         0x000006e9   Thumb Code    48  irq_button.o(.text)
    EINT2_IRQHandler                         0x00000719   Thumb Code    48  irq_button.o(.text)
    BUTTON_init                              0x00000749   Thumb Code   168  lib_button.o(.text)
    RIT_IRQHandler                           0x00000865   Thumb Code   316  irq_rit.o(.text)
    enable_RIT                               0x000009a1   Thumb Code    16  lib_rit.o(.text)
    disable_RIT                              0x000009b1   Thumb Code    16  lib_rit.o(.text)
    reset_RIT                                0x000009c1   Thumb Code    12  lib_rit.o(.text)
    init_RIT                                 0x000009cd   Thumb Code   100  lib_rit.o(.text)
    joystick_init                            0x00000aa5   Thumb Code    34  lib_joystick.o(.text)
    TIMER0_IRQHandler                        0x00000ac9   Thumb Code    10  irq_timer.o(.text)
    TIMER1_IRQHandler                        0x00000ad5   Thumb Code    14  irq_timer.o(.text)
    TIMER2_IRQHandler                        0x00000ae5   Thumb Code    74  irq_timer.o(.text)
    TIMER3_IRQHandler                        0x00000b31   Thumb Code   392  irq_timer.o(.text)
    enable_timer                             0x00000ce9   Thumb Code   108  lib_timer.o(.text)
    disable_timer                            0x00000d55   Thumb Code   108  lib_timer.o(.text)
    reset_timer                              0x00000dc1   Thumb Code   156  lib_timer.o(.text)
    init_timer                               0x00000e5d   Thumb Code   250  lib_timer.o(.text)
    ADC_IRQHandler                           0x00000fcd   Thumb Code   172  irq_adc.o(.text)
    __aeabi_uldivmod                         0x00001079   Thumb Code     0  lludivv7m.o(.text)
    _ll_udiv                                 0x00001079   Thumb Code   240  lludivv7m.o(.text)
    __user_setup_stackheap                   0x00001169   Thumb Code    74  sys_stackheap_outer.o(.text)
    exit                                     0x000011b3   Thumb Code    18  exit.o(.text)
    _sys_exit                                0x000011c5   Thumb Code     8  sys_exit.o(.text)
    freqs                                    0x000011d0   Data          32  irq_adc.o(.rodata.freqs)
    led_mask                                 0x000011f0   Data          32  funct_led.o(.rodata.led_mask)
    Region$$Table$$Base                      0x00001210   Number         0  anon$$obj.o(Region$$Table)
    Region$$Table$$Limit                     0x00001240   Number         0  anon$$obj.o(Region$$Table)
    AD_last                                  0x2007c000   Data           2  irq_adc.o(.data.AD_last)
    SinTable                                 0x2007c002   Data          90  irq_timer.o(.data.SinTable)
    SystemCoreClock                          0x2007c05c   Data           4  system_lpc17xx.o(.data.SystemCoreClock)
    __libspace_start                         0x2007c060   Data          96  libspace.o(.bss)
    AD_current                               0x2007c0c0   Data           2  irq_adc.o(.bss.AD_current)
    __temporary_stack_top$libspace           0x2007c0c0   Data           0  libspace.o(.bss)
    led_value                                0x2007c0e4   Data           1  lib_led.o(.bss.led_value)



==============================================================================

Memory Map of the image

  Image Entry point : 0x000000cd

  Load Region LR_IROM1 (Base: 0x00000000, Size: 0x000012a0, Max: 0x00080000, ABSOLUTE)

    Execution Region ER_IROM1 (Exec base: 0x00000000, Load base: 0x00000000, Size: 0x00001240, Max: 0x00080000, ABSOLUTE)

    Exec Addr    Load Addr    Size         Type   Attr      Idx    E Section Name        Object

    0x00000000   0x00000000   0x000000cc   Data   RO            3    RESET               startup_lpc17xx.o
    0x000000cc   0x000000cc   0x00000008   Code   RO          141  * !!!main             c_w.l(__main.o)
    0x000000d4   0x000000d4   0x0000005c   Code   RO          316    !!!scatter          c_w.l(__scatter.o)
    0x00000130   0x00000130   0x0000001a   Code   RO          320    !!handler_copy      c_w.l(__scatter_copy.o)
    0x0000014a   0x0000014a   0x00000002   PAD
    0x0000014c   0x0000014c   0x00000002   Code   RO          317    !!handler_null      c_w.l(__scatter.o)
    0x0000014e   0x0000014e   0x00000002   PAD
    0x00000150   0x00000150   0x0000001c   Code   RO          322    !!handler_zi        c_w.l(__scatter_zi.o)
    0x0000016c   0x0000016c   0x00000002   Code   RO          178    .ARM.Collect$$libinit$$00000000  c_w.l(libinit.o)
    0x0000016e   0x0000016e   0x00000000   Code   RO          191    .ARM.Collect$$libinit$$00000002  c_w.l(libinit2.o)
    0x0000016e   0x0000016e   0x00000000   Code   RO          193    .ARM.Collect$$libinit$$00000004  c_w.l(libinit2.o)
    0x0000016e   0x0000016e   0x00000000   Code   RO          195    .ARM.Collect$$libinit$$00000006  c_w.l(libinit2.o)
    0x0000016e   0x0000016e   0x00000000   Code   RO          198    .ARM.Collect$$libinit$$0000000C  c_w.l(libinit2.o)
    0x0000016e   0x0000016e   0x00000000   Code   RO          200    .ARM.Collect$$libinit$$0000000E  c_w.l(libinit2.o)
    0x0000016e   0x0000016e   0x00000000   Code   RO          202    .ARM.Collect$$libinit$$00000010  c_w.l(libinit2.o)
    0x0000016e   0x0000016e   0x00000000   Code   RO          205    .ARM.Collect$$libinit$$00000013  c_w.l(libinit2.o)
    0x0000016e   0x0000016e   0x00000000   Code   RO          207    .ARM.Collect$$libinit$$00000015  c_w.l(libinit2.o)
    0x0000016e   0x0000016e   0x00000000   Code   RO          209    .ARM.Collect$$libinit$$00000017  c_w.l(libinit2.o)
    0x0000016e   0x0000016e   0x00000000   Code   RO          211    .ARM.Collect$$libinit$$00000019  c_w.l(libinit2.o)
    0x0000016e   0x0000016e   0x00000000   Code   RO          213    .ARM.Collect$$libinit$$0000001B  c_w.l(libinit2.o)
    0x0000016e   0x0000016e   0x00000000   Code   RO          215    .ARM.Collect$$libinit$$0000001D  c_w.l(libinit2.o)
    0x0000016e   0x0000016e   0x00000000   Code   RO          217    .ARM.Collect$$libinit$$0000001F  c_w.l(libinit2.o)
    0x0000016e   0x0000016e   0x00000000   Code   RO          219    .ARM.Collect$$libinit$$00000021  c_w.l(libinit2.o)
    0x0000016e   0x0000016e   0x00000000   Code   RO          221    .ARM.Collect$$libinit$$00000023  c_w.l(libinit2.o)
    0x0000016e   0x0000016e   0x00000000   Code   RO          223    .ARM.Collect$$libinit$$00000025  c_w.l(libinit2.o)
    0x0000016e   0x0000016e   0x00000000   Code   RO          225    .ARM.Collect$$libinit$$00000027  c_w.l(libinit2.o)
    0x0000016e   0x0000016e   0x00000000   Code   RO          229    .ARM.Collect$$libinit$$0000002E  c_w.l(libinit2.o)
    0x0000016e   0x0000016e   0x00000000   Code   RO          231    .ARM.Collect$$libinit$$00000030  c_w.l(libinit2.o)
    0x0000016e   0x0000016e   0x00000000   Code   RO          233    .ARM.Collect$$libinit$$00000032  c_w.l(libinit2.o)
    0x0000016e   0x0000016e   0x00000000   Code   RO          235    .ARM.Collect$$libinit$$00000034  c_w.l(libinit2.o)
    0x0000016e   0x0000016e   0x00000002   Code   RO          236    .ARM.Collect$$libinit$$00000035  c_w.l(libinit2.o)
    0x00000170   0x00000170   0x00000002   Code   RO          271    .ARM.Collect$$libshutdown$$00000000  c_w.l(libshutdown.o)
    0x00000172   0x00000172   0x00000000   Code   RO          299    .ARM.Collect$$libshutdown$$00000002  c_w.l(libshutdown2.o)
    0x00000172   0x00000172   0x00000000   Code   RO          301    .ARM.Collect$$libshutdown$$00000004  c_w.l(libshutdown2.o)
    0x00000172   0x00000172   0x00000000   Code   RO          304    .ARM.Collect$$libshutdown$$00000007  c_w.l(libshutdown2.o)
    0x00000172   0x00000172   0x00000000   Code   RO          307    .ARM.Collect$$libshutdown$$0000000A  c_w.l(libshutdown2.o)
    0x00000172   0x00000172   0x00000000   Code   RO          309    .ARM.Collect$$libshutdown$$0000000C  c_w.l(libshutdown2.o)
    0x00000172   0x00000172   0x00000000   Code   RO          312    .ARM.Collect$$libshutdown$$0000000F  c_w.l(libshutdown2.o)
    0x00000172   0x00000172   0x00000002   Code   RO          313    .ARM.Collect$$libshutdown$$00000010  c_w.l(libshutdown2.o)
    0x00000174   0x00000174   0x00000000   Code   RO          143    .ARM.Collect$$rtentry$$00000000  c_w.l(__rtentry.o)
    0x00000174   0x00000174   0x00000000   Code   RO          149    .ARM.Collect$$rtentry$$00000002  c_w.l(__rtentry2.o)
    0x00000174   0x00000174   0x00000006   Code   RO          161    .ARM.Collect$$rtentry$$00000004  c_w.l(__rtentry4.o)
    0x0000017a   0x0000017a   0x00000000   Code   RO          151    .ARM.Collect$$rtentry$$00000009  c_w.l(__rtentry2.o)
    0x0000017a   0x0000017a   0x00000004   Code   RO          152    .ARM.Collect$$rtentry$$0000000A  c_w.l(__rtentry2.o)
    0x0000017e   0x0000017e   0x00000000   Code   RO          154    .ARM.Collect$$rtentry$$0000000C  c_w.l(__rtentry2.o)
    0x0000017e   0x0000017e   0x00000008   Code   RO          155    .ARM.Collect$$rtentry$$0000000D  c_w.l(__rtentry2.o)
    0x00000186   0x00000186   0x00000002   Code   RO          182    .ARM.Collect$$rtexit$$00000000  c_w.l(rtexit.o)
    0x00000188   0x00000188   0x00000000   Code   RO          242    .ARM.Collect$$rtexit$$00000002  c_w.l(rtexit2.o)
    0x00000188   0x00000188   0x00000004   Code   RO          243    .ARM.Collect$$rtexit$$00000003  c_w.l(rtexit2.o)
    0x0000018c   0x0000018c   0x00000006   Code   RO          244    .ARM.Collect$$rtexit$$00000004  c_w.l(rtexit2.o)
    0x00000192   0x00000192   0x00000002   PAD
    0x00000194   0x00000194   0x00000048   Code   RO            5    .text               startup_lpc17xx.o
    0x000001dc   0x000001dc   0x0000005e   Code   RO           13    .text               sample.o
    0x0000023a   0x0000023a   0x00000002   PAD
    0x0000023c   0x0000023c   0x000000aa   Code   RO           29    .text               funct_led.o
    0x000002e6   0x000002e6   0x00000006   Code   RO          139    .text               c_w.l(heapauxi.o)
    0x000002ec   0x000002ec   0x00000008   Code   RO          179    .text               c_w.l(libspace.o)
    0x000002f4   0x000002f4   0x00000002   Code   RO          260    .text               c_w.l(use_no_semi.o)
    0x000002f6   0x000002f6   0x00000000   Code   RO          262    .text               c_w.l(indicate_semi.o)
    0x000002f6   0x000002f6   0x00000006   PAD
    0x000002fc   0x000002fc   0x00000004   Code   RO            4    .ARM.__at_0x02FC    startup_lpc17xx.o
    0x00000300   0x00000300   0x00000330   Code   RO           21    .text               system_lpc17xx.o
    0x00000630   0x00000630   0x0000004e   Code   RO           37    .text               lib_led.o
    0x0000067e   0x0000067e   0x00000002   PAD
    0x00000680   0x00000680   0x000000c8   Code   RO           45    .text               irq_button.o
    0x00000748   0x00000748   0x0000011a   Code   RO           52    .text               lib_button.o
    0x00000862   0x00000862   0x00000002   PAD
    0x00000864   0x00000864   0x0000013c   Code   RO           59    .text               irq_rit.o
    0x000009a0   0x000009a0   0x00000102   Code   RO           71    .text               lib_rit.o
    0x00000aa2   0x00000aa2   0x00000002   PAD
    0x00000aa4   0x00000aa4   0x00000022   Code   RO           78    .text               lib_joystick.o
    0x00000ac6   0x00000ac6   0x00000002   PAD
    0x00000ac8   0x00000ac8   0x00000220   Code   RO           92    .text               irq_timer.o
    0x00000ce8   0x00000ce8   0x000002e2   Code   RO          104    .text               lib_timer.o
    0x00000fca   0x00000fca   0x00000002   PAD
    0x00000fcc   0x00000fcc   0x000000ac   Code   RO          111    .text               irq_adc.o
    0x00001078   0x00001078   0x000000f0   Code   RO          137    .text               c_w.l(lludivv7m.o)
    0x00001168   0x00001168   0x0000004a   Code   RO          165    .text               c_w.l(sys_stackheap_outer.o)
    0x000011b2   0x000011b2   0x00000012   Code   RO          167    .text               c_w.l(exit.o)
    0x000011c4   0x000011c4   0x0000000c   Code   RO          237    .text               c_w.l(sys_exit.o)
    0x000011d0   0x000011d0   0x00000020   Data   RO          114    .rodata.freqs       irq_adc.o
    0x000011f0   0x000011f0   0x00000020   Data   RO           31    .rodata.led_mask    funct_led.o
    0x00001210   0x00001210   0x00000030   Data   RO          315    Region$$Table       anon$$obj.o


    Execution Region RW_IRAM1 (Exec base: 0x10000000, Load base: 0x00001240, Size: 0x00000200, Max: 0x00008000, ABSOLUTE)

    Exec Addr    Load Addr    Size         Type   Attr      Idx    E Section Name        Object

    0x10000000        -       0x00000200   Zero   RW            1    STACK               startup_lpc17xx.o


    Execution Region RW_IRAM2 (Exec base: 0x2007c000, Load base: 0x00001240, Size: 0x000000e8, Max: 0x00008000, ABSOLUTE)

    Exec Addr    Load Addr    Size         Type   Attr      Idx    E Section Name        Object

    0x2007c000   0x00001240   0x00000002   Data   RW          113    .data.AD_last       irq_adc.o
    0x2007c002   0x00001242   0x0000005a   Data   RW           94    .data.SinTable      irq_timer.o
    0x2007c05c   0x0000129c   0x00000004   Data   RW           23    .data.SystemCoreClock  system_lpc17xx.o
    0x2007c060        -       0x00000060   Zero   RW          180    .bss                c_w.l(libspace.o)
    0x2007c0c0        -       0x00000002   Zero   RW          115    .bss.AD_current     irq_adc.o
    0x2007c0c2   0x000012a0   0x00000002   PAD
    0x2007c0c4        -       0x00000004   Zero   RW           65    .bss.RIT_IRQHandler.down  irq_rit.o
    0x2007c0c8        -       0x00000004   Zero   RW           62    .bss.RIT_IRQHandler.left  irq_rit.o
    0x2007c0cc        -       0x00000004   Zero   RW           63    .bss.RIT_IRQHandler.right  irq_rit.o
    0x2007c0d0        -       0x00000004   Zero   RW           61    .bss.RIT_IRQHandler.up  irq_rit.o
    0x2007c0d4        -       0x00000004   Zero   RW           95    .bss.TIMER2_IRQHandler.ticks  irq_timer.o
    0x2007c0d8        -       0x00000004   Zero   RW           98    .bss.TIMER3_IRQHandler.down_INT0  irq_timer.o
    0x2007c0dc        -       0x00000004   Zero   RW           96    .bss.TIMER3_IRQHandler.down_KEY1  irq_timer.o
    0x2007c0e0        -       0x00000004   Zero   RW           97    .bss.TIMER3_IRQHandler.down_KEY2  irq_timer.o
    0x2007c0e4        -       0x00000001   Zero   RW           39    .bss.led_value      lib_led.o
    0x2007c0e5   0x000012a0   0x00000003   PAD
    0x2007c0e8        -       0x00000000   Zero   RW            2    HEAP                startup_lpc17xx.o


==============================================================================

Image component sizes


      Code (inc. data)   RO Data    RW Data    ZI Data      Debug   Object Name

       170          0         32          0          0       2266   funct_led.o
       172          0         32          2          2       1275   irq_adc.o
       200          0          0          0          0       3964   irq_button.o
       316          0          0          0         16       2324   irq_rit.o
       544          0          0         90         16       5053   irq_timer.o
       282          0          0          0          0       5502   lib_button.o
        34          0          0          0          0       2514   lib_joystick.o
        78          0          0          0          1       2595   lib_led.o
       258          0          0          0          0       4155   lib_rit.o
       738          0          0          0          0       4844   lib_timer.o
        94          0          0          0          0       2223   sample.o
        76         18        204          0        512       1032   startup_lpc17xx.o
       816          8          0          4          0       2251   system_lpc17xx.o

    ----------------------------------------------------------------------
      3790         26        316         96        552      39998   Object Totals
         0          0         48          0          0          0   (incl. Generated)
        12          0          0          0          5          0   (incl. Padding)

    ----------------------------------------------------------------------

      Code (inc. data)   RO Data    RW Data    ZI Data      Debug   Library Member Name

         8          0          0          0          0         68   __main.o
         0          0          0          0          0          0   __rtentry.o
        12          0          0          0          0          0   __rtentry2.o
         6          0          0          0          0          0   __rtentry4.o
        94          8          0          0          0          0   __scatter.o
        26          0          0          0          0          0   __scatter_copy.o
        28          0          0          0          0          0   __scatter_zi.o
        18          0          0          0          0         80   exit.o
         6          0          0          0          0        152   heapauxi.o
         0          0          0          0          0          0   indicate_semi.o
         2          0          0          0          0          0   libinit.o
         2          0          0          0          0          0   libinit2.o
         2          0          0          0          0          0   libshutdown.o
         2          0          0          0          0          0   libshutdown2.o
         8          4          0          0         96         68   libspace.o
       240          0          0          0          0        100   lludivv7m.o
         2          0          0          0          0          0   rtexit.o
        10          0          0          0          0          0   rtexit2.o
        12          4          0          0          0         68   sys_exit.o
        74          0          0          0          0         80   sys_stackheap_outer.o
         2          0          0          0          0         68   use_no_semi.o

    ----------------------------------------------------------------------
       566         16          0          0         96        684   Library Totals
        12          0          0          0          0          0   (incl. Padding)

    ----------------------------------------------------------------------

      Code (inc. data)   RO Data    RW Data    ZI Data      Debug   Library Name

       554         16          0          0         96        684   c_w.l

    ----------------------------------------------------------------------
       566         16          0          0         96        684   Library Totals

    ----------------------------------------------------------------------

==============================================================================


      Code (inc. data)   RO Data    RW Data    ZI Data      Debug   

      4356         42        316         96        648      40370   Grand Totals
      4356         42        316         96        648      40370   ELF Image Totals
      4356         42        316         96          0          0   ROM Totals

==============================================================================

    Total RO  Size (Code + RO Data)                 4672 (   4.56kB)
    Total RW  Size (RW Data + ZI Data)               744 (   0.73kB)
    Total ROM Size (Code + RO Data + RW Data)       4768 (   4.66kB)

==============================================================================

